// Jest Snapshot v1, https://goo.gl/fbAQLP

exports[`ArchiveMapping Test should map all json stub entries 1`] = `
Array [
  Object {
    "consumer": "consumer",
    "id": "stub:consumer",
    "name": "stub",
    "request": Object {
      "url": "url/stub",
    },
    "response": Object {
      "body": Array [
        Object {
          "value": true,
        },
      ],
    },
    "uuid": "ef4e991f-3ec4-4c04-8291-656f5a03e7fd",
  },
]
`;
