// Jest Snapshot v1, https://goo.gl/fbAQLP

exports[`ArchiveMapping Test should map all json stub entries 1`] = `
Array [
  Object {
    "id": "123456",
    "name": "stub",
    "request": Object {
      "url": "url/stub",
    },
    "response": Object {
      "body": Array [
        Object {
          "value": true,
        },
      ],
    },
  },
]
`;
